// Jest Snapshot v1, https://goo.gl/fbAQLP

exports[`Testing identity component Should render Identity 1`] = `
<div>
  <div
    class="identity-wrapper"
    data-testid="identity-wrapper"
  >
    <figure
      class="image-wrapper image-size-lg "
    >
      <img
        alt="vendôme louis"
        class="image "
        src=""
      />
    </figure>
    <span>
      vendôme louis
    </span>
  </div>
</div>
`;
