// Jest Snapshot v1, https://goo.gl/fbAQLP

exports[`Testing DetailsLayout Should renders DetailsTitle and DetailsBody correctly 1`] = `
<div>
  <main
    class="home-wrapper"
  >
    <div
      class="home-header"
    >
      <h1>
        Home Header
      </h1>
    </div>
    <div
      class="home-body"
    >
      <p>
        Home Body
      </p>
    </div>
  </main>
</div>
`;
